{
  "2001:db8:f:2::100/128":[
    {
      "prefix":"2001:db8:f:2::100/128",
      "protocol":"isis",
      "selected":true,
      "destSelected":true,
      "metric":0,
      "installed":true,
      "nexthops":[
        {
          "fib":true,
          "interfaceName":"eth0",
          "active":true,
          "seg6local":{
            "action":"End"
          },
          "seg6":{
            "segs":"::"
          }
        }
      ]
    }
  ],
  "2001:db8:f:2::200/128":[
    {
      "prefix":"2001:db8:f:2::200/128",
      "protocol":"isis",
      "selected":true,
      "destSelected":true,
      "metric":0,
      "installed":true,
      "nexthops":[
        {
          "fib":true,
          "interfaceName":"eth0",
          "active":true,
          "seg6local":{
            "action":"End.X"
          },
          "seg6":{
            "segs":"::"
          }
        }
      ]
    }
  ],
  "2001:db8:f:2::300/128":[
    {
      "prefix":"2001:db8:f:2::300/128",
      "protocol":"isis",
      "selected":true,
      "destSelected":true,
      "metric":0,
      "installed":true,
      "nexthops":[
        {
          "fib":true,
          "interfaceName":"eth0",
          "active":true,
          "seg6local":{
            "action":"End.X"
          },
          "seg6":{
            "segs":"::"
          }
        }
      ]
    }
  ]
}
